[01:58:15] [main/INFO] (FabricLoader/GameProvider) Loading Minecraft 26.1.2 with Fabric Loader 0.19.3
[01:58:15] [main/INFO] (FabricLoader/Mappings) Mappings not present!
[01:58:16] [main/INFO] (FabricLoader) Loading 51 mods:
	- entropymod 0.1.0
	- fabric-api 0.155.2+26.1.2
	- fabric-api-base 2.0.3+ece063234c
	- fabric-api-lookup-api-v1 2.0.12+d5a053b64c
	- fabric-biome-api-v1 18.0.5+2fa62b4e4c
	- fabric-block-api-v1 3.0.2+ec56b6014c
	- fabric-block-getter-api-v2 2.0.6+ec56b6014c
	- fabric-client-gametest-api-v1 5.1.0+0a5283664c
	- fabric-command-api-v2 3.0.5+e2bdee784c
	- fabric-content-registries-v0 11.3.0+0082c9664c
	- fabric-convention-tags-v2 4.6.2+4f11f7994c
	- fabric-crash-report-info-v1 1.0.3+9f78a5a84c
	- fabric-creative-tab-api-v1 5.0.11+d871b99e4c
	- fabric-data-attachment-api-v1 2.2.9+44a0bd1d4c
	- fabric-data-generation-api-v1 24.3.3+cda368334c
	- fabric-debug-api-v1 1.0.1+c792624d4c
	- fabric-dimensions-v1 5.1.7+ad343a8d4c
	- fabric-entity-events-v1 5.0.2+e2bdee784c
	- fabric-events-interaction-v0 5.2.2+07b380be4c
	- fabric-game-rule-api-v1 4.0.5+d871b99e4c
	- fabric-gametest-api-v1 4.0.17+867b87624c
	- fabric-item-api-v1 14.3.0+6d1aaa724c
	- fabric-key-mapping-api-v1 2.0.4+e2bdee784c
	- fabric-lifecycle-events-v1 4.1.1+df84eb3d4c
	- fabric-loot-api-v3 3.0.12+00a1fba64c
	- fabric-menu-api-v1 2.0.14+d871b99e4c
	- fabric-message-api-v1 7.0.5+dae8ce3e4c
	- fabric-model-loading-api-v1 8.0.11+c80601bb4c
	- fabric-networking-api-v1 6.3.1+554860db4c
	- fabric-object-builder-api-v1 23.1.0+abb459f14c
	- fabric-particles-v1 5.0.15+b61fef434c
	- fabric-permission-api-v1 1.0.2+7437387b4c
	- fabric-recipe-api-v1 9.0.16+be4b75ae4c
	- fabric-registry-sync-v0 7.1.0+2fa62b4e4c
	- fabric-renderer-api-v1 13.0.8+c80601bb4c
	- fabric-renderer-indigo 8.1.5+1403e82c4c
	- fabric-rendering-fluids-v1 6.0.1+d871b99e4c
	- fabric-rendering-v1 23.3.1+e9207d814c
	- fabric-resource-conditions-api-v1 6.1.0+83dd0ba34c
	- fabric-resource-loader-v0 3.3.17+4fc5413f4c
	- fabric-resource-loader-v1 2.0.10+7c44c7324c
	- fabric-screen-api-v1 5.1.0+981dd9b24c
	- fabric-serialization-api-v1 2.0.3+11a26f314c
	- fabric-sound-api-v1 2.0.4+11a26f314c
	- fabric-tag-api-v1 2.1.1+371cf5db4c
	- fabric-transfer-api-v1 8.0.6+357ea7334c
	- fabric-transitive-access-wideners-v1 8.1.3+3ff549fb4c
	- fabricloader 0.19.3
	- java 25
	- minecraft 26.1.2
	- mixinextras 0.5.4
[01:58:16] [main/INFO] (FabricLoader/Mixin) SpongePowered MIXIN Subsystem Version=0.8.7 Source=file:/C:/Users/iango/.gradle/caches/modules-2/files-2.1/net.fabricmc/sponge-mixin/0.17.3+mixin.0.8.7/41c4a3984a80f4679e759fb9f495587acc5cdac7/sponge-mixin-0.17.3+mixin.0.8.7.jar Service=Knot/Fabric Env=CLIENT
[01:58:16] [main/INFO] (FabricLoader/Mixin) Compatibility level set to JAVA_25
[01:58:17] [main/INFO] (FabricLoader/MixinExtras|Service) Initializing MixinExtras via com.llamalad7.mixinextras.service.MixinExtrasServiceImpl(version=0.5.4).
[01:58:18] [Datafixer Bootstrap/INFO] (Minecraft) 291 Datafixer optimizations took 261 milliseconds
[01:58:23] [Render thread/INFO] (Minecraft) Environment: Environment[sessionHost=https://sessionserver.mojang.com, servicesHost=https://api.minecraftservices.com, profilesHost=https://api.mojang.com, name=PROD]
[01:58:23] [Render thread/INFO] (Minecraft) Setting user: Player980
[01:58:23] [Render thread/INFO] (entropymod) Entropy Mod initializing...
[01:58:23] [Render thread/INFO] (entropymod) Registered custom attribute: entropymod:pickup_range
[01:58:24] [Render thread/INFO] (entropymod) EffectBehaviors: 34 effect(s) wired, no mismatches.
[01:58:24] [Render thread/INFO] (entropymod) Entropy Mod ready. Default interval: 3600 ticks (3.0 min), cap: 100
[01:58:24] [Render thread/INFO] (entropymod) Entropy Mod client initializing...
[01:58:24] [Download-2/ERROR] (Minecraft) Failed to fetch user properties
com.mojang.authlib.exceptions.InvalidCredentialsException: Status: 401
	at knot//com.mojang.authlib.exceptions.MinecraftClientHttpException.toAuthenticationException(MinecraftClientHttpException.java:59)
	at knot//com.mojang.authlib.yggdrasil.YggdrasilUserApiService.fetchProperties(YggdrasilUserApiService.java:150)
	at knot//net.minecraft.client.Minecraft.lambda$new$1(Minecraft.java:459)
	at java.base/java.util.concurrent.CompletableFuture$AsyncSupply.run(CompletableFuture.java:1789)
	at java.base/java.util.concurrent.ThreadPoolExecutor.runWorker(ThreadPoolExecutor.java:1090)
	at java.base/java.util.concurrent.ThreadPoolExecutor$Worker.run(ThreadPoolExecutor.java:614)
	at java.base/java.lang.Thread.run(Thread.java:1474)
Caused by: com.mojang.authlib.exceptions.MinecraftClientHttpException: Status: 401
	at knot//com.mojang.authlib.minecraft.client.MinecraftClient.readInputStream(MinecraftClient.java:103)
	at knot//com.mojang.authlib.minecraft.client.MinecraftClient.get(MinecraftClient.java:56)
	at knot//com.mojang.authlib.yggdrasil.YggdrasilUserApiService.fetchProperties(YggdrasilUserApiService.java:121)
	... 5 more
[01:58:24] [Render thread/INFO] (Indigo) [Indigo] Registering Indigo renderer!
[01:58:24] [Render thread/INFO] (Minecraft) Backend library: LWJGL version 3.4.1-snapshot
[01:58:26] [Render thread/INFO] (Minecraft) Using optional rendering extensions: GL_ARB_buffer_storage, GL_KHR_debug, GL_ARB_vertex_attrib_binding, GL_ARB_direct_state_access, GL_EXT_texture_filter_anisotropic
[01:58:26] [Download-2/INFO] (Minecraft) Could not authorize you against Realms server: java.lang.RuntimeException: Failed to parse into SignedJWT: FabricMC
[01:58:26] [Download-2/ERROR] (Minecraft) Failed to fetch Realms feature flags
com.mojang.realmsclient.exception.RealmsServiceException: Realms authentication error with message 'java.lang.RuntimeException: Failed to parse into SignedJWT: FabricMC'
	at knot//com.mojang.realmsclient.client.RealmsClient.execute(RealmsClient.java:526)
	at knot//com.mojang.realmsclient.client.RealmsClient.fetchFeatureFlags(RealmsClient.java:186)
	at java.base/java.util.concurrent.CompletableFuture$AsyncSupply.run(CompletableFuture.java:1789)
	at java.base/java.util.concurrent.ThreadPoolExecutor.runWorker(ThreadPoolExecutor.java:1090)
	at java.base/java.util.concurrent.ThreadPoolExecutor$Worker.run(ThreadPoolExecutor.java:614)
	at java.base/java.lang.Thread.run(Thread.java:1474)
[01:58:26] [Render thread/INFO] (Minecraft) Reloading ResourceManager: vanilla, entropymod, fabric-api, fabric-api-base, fabric-api-lookup-api-v1, fabric-biome-api-v1, fabric-block-api-v1, fabric-block-getter-api-v2, fabric-client-gametest-api-v1, fabric-command-api-v2, fabric-content-registries-v0, fabric-convention-tags-v2, fabric-crash-report-info-v1, fabric-creative-tab-api-v1, fabric-data-attachment-api-v1, fabric-data-generation-api-v1, fabric-debug-api-v1, fabric-dimensions-v1, fabric-entity-events-v1, fabric-events-interaction-v0, fabric-game-rule-api-v1, fabric-gametest-api-v1, fabric-item-api-v1, fabric-key-mapping-api-v1, fabric-lifecycle-events-v1, fabric-loot-api-v3, fabric-menu-api-v1, fabric-message-api-v1, fabric-model-loading-api-v1, fabric-networking-api-v1, fabric-object-builder-api-v1, fabric-particles-v1, fabric-permission-api-v1, fabric-recipe-api-v1, fabric-registry-sync-v0, fabric-renderer-api-v1, fabric-renderer-indigo, fabric-rendering-fluids-v1, fabric-rendering-v1, fabric-resource-conditions-api-v1, fabric-resource-loader-v0, fabric-resource-loader-v1, fabric-screen-api-v1, fabric-serialization-api-v1, fabric-sound-api-v1, fabric-tag-api-v1, fabric-transfer-api-v1, fabric-transitive-access-wideners-v1, fabricloader
[01:58:27] [Worker-Main-11/INFO] (Minecraft) Found unifont_pua-17.0.01.hex, loading
[01:58:27] [Worker-Main-13/INFO] (Minecraft) Found unifont_all_no_pua-17.0.01.hex, loading
[01:58:27] [Worker-Main-18/INFO] (Minecraft) Found unifont_jp_patch-17.0.01.hex, loading
[01:58:28] [Render thread/INFO] (Minecraft) OpenAL initialized on device OpenAL Soft on Speakers (Realtek(R) Audio)
[01:58:28] [Render thread/INFO] (Minecraft) Sound engine started
[01:58:28] [Render thread/INFO] (Minecraft) Created: 512x256x0 minecraft:textures/atlas/particles.png-atlas
[01:58:28] [Render thread/INFO] (Minecraft) Created: 128x128x0 minecraft:textures/atlas/decorated_pot.png-atlas
[01:58:28] [Render thread/INFO] (Minecraft) Created: 2048x1024x0 minecraft:textures/atlas/armor_trims.png-atlas
[01:58:28] [Render thread/INFO] (Minecraft) Created: 512x256x0 minecraft:textures/atlas/paintings.png-atlas
[01:58:28] [Render thread/INFO] (Minecraft) Created: 1024x512x0 minecraft:textures/atlas/shield_patterns.png-atlas
[01:58:28] [Render thread/INFO] (Minecraft) Created: 2048x2048x4 minecraft:textures/atlas/blocks.png-atlas
[01:58:28] [Render thread/INFO] (Minecraft) Created: 512x512x0 minecraft:textures/atlas/chest.png-atlas
[01:58:28] [Render thread/INFO] (Minecraft) Created: 256x128x0 minecraft:textures/atlas/celestials.png-atlas
[01:58:28] [Render thread/INFO] (Minecraft) Created: 1024x512x0 minecraft:textures/atlas/banner_patterns.png-atlas
[01:58:28] [Render thread/INFO] (Minecraft) Created: 512x512x0 minecraft:textures/atlas/beds.png-atlas
[01:58:28] [Render thread/INFO] (Minecraft) Created: 1024x512x0 minecraft:textures/atlas/items.png-atlas
[01:58:28] [Render thread/INFO] (Minecraft) Created: 1024x1024x0 minecraft:textures/atlas/gui.png-atlas
[01:58:28] [Render thread/INFO] (Minecraft) Created: 128x64x0 minecraft:textures/atlas/map_decorations.png-atlas
[01:58:28] [Render thread/INFO] (Minecraft) Created: 512x256x0 minecraft:textures/atlas/signs.png-atlas
[01:58:28] [Render thread/INFO] (Minecraft) Created: 512x512x0 minecraft:textures/atlas/shulker_boxes.png-atlas
[01:58:29] [IO-Worker-1/INFO] (Minecraft) Could not authorize you against Realms server: java.lang.RuntimeException: Failed to parse into SignedJWT: FabricMC
[01:58:29] [IO-Worker-1/ERROR] (Minecraft) Couldn't connect to realms
com.mojang.realmsclient.exception.RealmsServiceException: Realms authentication error with message 'java.lang.RuntimeException: Failed to parse into SignedJWT: FabricMC'
	at knot//com.mojang.realmsclient.client.RealmsClient.execute(RealmsClient.java:526)
	at knot//com.mojang.realmsclient.client.RealmsClient.clientCompatible(RealmsClient.java:307)
	at knot//com.mojang.realmsclient.RealmsAvailability.lambda$check$0(RealmsAvailability.java:48)
	at java.base/java.util.concurrent.CompletableFuture$AsyncSupply.run(CompletableFuture.java:1789)
	at java.base/java.util.concurrent.ThreadPoolExecutor.runWorker(ThreadPoolExecutor.java:1090)
	at java.base/java.util.concurrent.ThreadPoolExecutor$Worker.run(ThreadPoolExecutor.java:614)
	at java.base/java.lang.Thread.run(Thread.java:1474)
[01:58:34] [Render thread/INFO] (Minecraft) Loaded 1515 recipes
[01:58:34] [Render thread/INFO] (Minecraft) Loaded 1617 advancements
[01:58:36] [Render thread/INFO] (BiomeModificationImpl) Applied 0 biome modifications to 0 of 65 new biomes in 904.9 μs
[01:58:36] [Server thread/INFO] (Minecraft) Starting integrated minecraft server version 26.1.2
[01:58:36] [Server thread/INFO] (Minecraft) Generating keypair
[01:58:36] [Server thread/INFO] (Minecraft) Selecting global world spawn...
[01:58:38] [Server thread/INFO] (Minecraft) Loading 0 persistent chunks...
[01:58:38] [Server thread/INFO] (Minecraft) Preparing spawn area: 16%
[01:58:38] [Server thread/INFO] (Minecraft) Saving chunks for level 'ServerLevel[New World]'/minecraft:overworld
[01:58:38] [Server thread/INFO] (Minecraft) Saving chunks for level 'ServerLevel[New World]'/minecraft:the_nether
[01:58:38] [Server thread/INFO] (Minecraft) Saving chunks for level 'ServerLevel[New World]'/minecraft:the_end
[01:58:38] [Server thread/INFO] (Minecraft) ThreadedAnvilChunkStorage (world): All chunks are saved
[01:58:38] [Server thread/INFO] (Minecraft) ThreadedAnvilChunkStorage (DIM-1): All chunks are saved
[01:58:38] [Server thread/INFO] (Minecraft) ThreadedAnvilChunkStorage (DIM1): All chunks are saved
[01:58:38] [Server thread/INFO] (Minecraft) ThreadedAnvilChunkStorage: All dimensions are saved
[01:58:39] [Server thread/INFO] (Minecraft) Loading 47 chunks for player spawn...
[01:58:39] [Server thread/INFO] (Minecraft) Preparing spawn area: 16%
[01:58:39] [Server thread/INFO] (Minecraft) Preparing spawn area: 16%
[01:58:39] [Server thread/INFO] (Minecraft) Preparing spawn area: 16%
[01:58:39] [Server thread/INFO] (Minecraft) Preparing spawn area: 16%
[01:58:39] [Server thread/INFO] (Minecraft) Preparing spawn area: 16%
[01:58:39] [Server thread/INFO] (Minecraft) Preparing spawn area: 29%
[01:58:40] [Server thread/INFO] (Minecraft) Preparing spawn area: 57%
[01:58:40] [Server thread/INFO] (Minecraft) Time elapsed: 3945 ms
[01:58:40] [Server thread/INFO] (Minecraft) Player980[local:E:4e6f31d8] logged in with entity id 13 at (-24.5, 84.0, -17.5)
[01:58:41] [Server thread/INFO] (Minecraft) Player980 joined the game
[01:58:41] [Server thread/INFO] (Minecraft) Changing view distance to 16, from 10
[01:58:41] [Server thread/INFO] (Minecraft) Changing simulation distance to 12, from 0
[01:58:41] [Render thread/INFO] (Minecraft) Resizing Dynamic Transforms UBO, capacity limit of 2 reached during a single frame. New capacity will be 4.
[01:58:41] [Render thread/INFO] (Minecraft) Resizing Dynamic Transforms UBO, capacity limit of 4 reached during a single frame. New capacity will be 8.
[01:58:41] [Render thread/INFO] (Minecraft) Loaded 2 advancements
[01:58:41] [Render thread/INFO] (Minecraft) Resizing Chunk Sections UBO, capacity limit of 2 reached during a single frame. New capacity will be 4.
[01:58:41] [Render thread/INFO] (Minecraft) Resizing Chunk Sections UBO, capacity limit of 4 reached during a single frame. New capacity will be 8.
[01:58:41] [Render thread/INFO] (Minecraft) Resizing Chunk Sections UBO, capacity limit of 8 reached during a single frame. New capacity will be 16.
[01:58:41] [Render thread/INFO] (Minecraft) Resizing Chunk Sections UBO, capacity limit of 16 reached during a single frame. New capacity will be 32.
[01:58:42] [Render thread/INFO] (Minecraft) Resizing Chunk Sections UBO, capacity limit of 32 reached during a single frame. New capacity will be 64.
[01:58:43] [Render thread/INFO] (Minecraft) Resizing Chunk Sections UBO, capacity limit of 64 reached during a single frame. New capacity will be 128.
[01:58:44] [Render thread/INFO] (Minecraft) Resizing Dynamic Transforms UBO, capacity limit of 8 reached during a single frame. New capacity will be 16.
[01:58:45] [Render thread/INFO] (Minecraft) Resizing Chunk Sections UBO, capacity limit of 128 reached during a single frame. New capacity will be 256.
[01:58:53] [Render thread/INFO] (Minecraft) Resizing Chunk Sections UBO, capacity limit of 256 reached during a single frame. New capacity will be 512.
[01:58:59] [Server thread/INFO] (entropymod) Granted 'clumsy_digger' via debug command -- run counters untouched. Acquired 1 effect(s): [clumsy_digger]
[01:58:59] [Server thread/INFO] (entropymod) /entropygrant clumsy_digger -> GRANTED
[01:58:59] [Render thread/INFO] (Minecraft) [System] [CHAT] [Entropy] Granted Clumsy Digger (clumsy_digger) -- Your tools sometimes take extra wear. Entropy and pick count unchanged.
[01:59:06] [Server thread/INFO] (Minecraft) [Player980: Gave 1 [Diamond Shovel] to Player980]
[01:59:06] [Render thread/INFO] (Minecraft) [System] [CHAT] Gave 1 [Diamond Shovel] to Player980
[01:59:14] [Server thread/INFO] (Minecraft) Saving and pausing game...
[01:59:14] [Server thread/INFO] (Minecraft) Saving chunks for level 'ServerLevel[New World]'/minecraft:overworld
[01:59:15] [Server thread/INFO] (Minecraft) Saving chunks for level 'ServerLevel[New World]'/minecraft:the_nether
[01:59:15] [Server thread/INFO] (Minecraft) Saving chunks for level 'ServerLevel[New World]'/minecraft:the_end
[01:59:17] [Server thread/INFO] (Minecraft) Saving and pausing game...
[01:59:17] [Server thread/INFO] (Minecraft) Saving chunks for level 'ServerLevel[New World]'/minecraft:overworld
[01:59:17] [Server thread/INFO] (Minecraft) Saving chunks for level 'ServerLevel[New World]'/minecraft:the_nether
[01:59:17] [Server thread/INFO] (Minecraft) Saving chunks for level 'ServerLevel[New World]'/minecraft:the_end
[01:59:23] [Server thread/INFO] (Minecraft) Saving and pausing game...
[01:59:23] [Server thread/INFO] (Minecraft) Saving chunks for level 'ServerLevel[New World]'/minecraft:overworld
[01:59:23] [Server thread/INFO] (Minecraft) Saving chunks for level 'ServerLevel[New World]'/minecraft:the_nether
[01:59:23] [Server thread/INFO] (Minecraft) Saving chunks for level 'ServerLevel[New World]'/minecraft:the_end
[01:59:43] [Render thread/INFO] (Minecraft) [System] [CHAT] [Debug]: Advanced tooltips: shown
[01:59:46] [Render thread/INFO] (Minecraft) Resizing Chunk Sections UBO, capacity limit of 512 reached during a single frame. New capacity will be 1024.
[02:00:32] [Server thread/INFO] (Minecraft) Player980 has made the advancement [Diamonds!]
[02:00:32] [Server thread/INFO] (Minecraft) [Player980: Gave 1 [Diamond] to Player980]
[02:00:32] [Render thread/INFO] (Minecraft) [System] [CHAT] Player980 has made the advancement [Diamonds!]
[02:00:32] [Render thread/INFO] (Minecraft) [System] [CHAT] Gave 1 [Diamond] to Player980
[02:00:32] [Render thread/INFO] (Minecraft) Loaded 22 advancements
[02:00:35] [Server thread/INFO] (Minecraft) [Player980: Gave 1 [Diamond Pickaxe] to Player980]
[02:00:35] [Render thread/INFO] (Minecraft) [System] [CHAT] Gave 1 [Diamond Pickaxe] to Player980
[02:00:39] [Server thread/INFO] (Minecraft) Player980 has made the advancement [Stone Age]
[02:00:39] [Render thread/INFO] (Minecraft) [System] [CHAT] Player980 has made the advancement [Stone Age]
[02:00:39] [Render thread/INFO] (Minecraft) Loaded 37 advancements
[02:00:46] [Server thread/INFO] (Minecraft) Saving and pausing game...
[02:00:46] [Server thread/INFO] (Minecraft) Saving chunks for level 'ServerLevel[New World]'/minecraft:overworld
[02:00:46] [Server thread/INFO] (Minecraft) Saving chunks for level 'ServerLevel[New World]'/minecraft:the_nether
[02:00:46] [Server thread/INFO] (Minecraft) Saving chunks for level 'ServerLevel[New World]'/minecraft:the_end
[02:01:11] [Server thread/INFO] (entropymod) Granted 'bad_reputation' via debug command -- run counters untouched. Acquired 2 effect(s): [clumsy_digger, bad_reputation]
[02:01:11] [Server thread/INFO] (entropymod) /entropygrant bad_reputation -> GRANTED
[02:01:11] [Render thread/INFO] (Minecraft) [System] [CHAT] [Entropy] Granted Bad Reputation (bad_reputation) -- Villagers charge you more. Entropy and pick count unchanged.
[02:01:19] [Server thread/INFO] (Minecraft) Locating element minecraft:village_desert took 493 ms
[02:01:19] [Render thread/INFO] (Minecraft) [System] [CHAT] The nearest minecraft:village_desert is at [-2000, ~, 1920] (2753 blocks away)
[02:01:21] [Server thread/INFO] (Minecraft) [Player980: Teleported Player980 to -1999.500000, 72.000000, 1920.500000]
[02:01:21] [Render thread/INFO] (Minecraft) [System] [CHAT] Teleported Player980 to -1999.500000, 72.000000, 1920.500000
[02:02:14] [Server thread/INFO] (entropymod) Pick #1: phase=GOOD entropy=0 occupied=[TOOL, DEBUFF] choices=[EffectDefinition[id=iron_will, displayName=Iron Will, description=Projectiles no longer knock you back, category=COMBAT, phase=GOOD, minEntropy=0, maxEntropy=25, counterplay=true], EffectDefinition[id=beast_whisperer, displayName=Beast Whisperer, description=Animals never flee from you, category=COMPANION, phase=GOOD, minEntropy=0, maxEntropy=25, counterplay=true], EffectDefinition[id=moon_walker, displayName=Moon Walker, description=Gravity reduced by 30% -- jump higher, fall slower, category=MOVEMENT, phase=GOOD, minEntropy=0, maxEntropy=25, counterplay=true]]
[02:02:14] [Render thread/INFO] (entropymod) Received OpenChoicePayload: phase=GOOD entropy=0/100
[02:02:14] [Server thread/INFO] (Minecraft) Saving and pausing game...
[02:02:14] [Server thread/INFO] (Minecraft) Saving chunks for level 'ServerLevel[New World]'/minecraft:overworld
[02:02:14] [Server thread/INFO] (Minecraft) Saving chunks for level 'ServerLevel[New World]'/minecraft:the_nether
[02:02:14] [Server thread/INFO] (Minecraft) Saving chunks for level 'ServerLevel[New World]'/minecraft:the_end
[02:02:16] [Server thread/INFO] (Minecraft) [Entropy] Beast Whisperer -- Animals never flee from you
[02:02:16] [Server thread/INFO] (entropymod) Acquired 3 effect(s): [clumsy_digger, bad_reputation, beast_whisperer]
[02:02:16] [Render thread/INFO] (Minecraft) [System] [CHAT] [Entropy] Beast Whisperer -- Animals never flee from you
[02:02:23] [Server thread/INFO] (entropymod) Granted 'second_guess' via debug command -- run counters untouched. Acquired 4 effect(s): [clumsy_digger, bad_reputation, beast_whisperer, second_guess]
[02:02:23] [Server thread/INFO] (entropymod) /entropygrant second_guess -> GRANTED
[02:02:23] [Render thread/INFO] (Minecraft) [System] [CHAT] [Entropy] Granted Second Guess (second_guess) -- Once per run, reroll the options you are offered. Entropy and pick count unchanged.
[02:02:27] [Server thread/INFO] (entropymod) Pick #2: phase=BAD entropy=1 occupied=[TOOL, COMPANION, DEBUFF, META] choices=[EffectDefinition[id=weak_grip, displayName=Weak Grip, description=-2 attack damage, category=COMBAT, phase=BAD, minEntropy=0, maxEntropy=25, counterplay=true], EffectDefinition[id=leaden_legs, displayName=Leaden Legs, description=Gravity increased by 40% -- jump lower, fall harder, category=MOVEMENT, phase=BAD, minEntropy=0, maxEntropy=25, counterplay=true], EffectDefinition[id=heavy_boots, displayName=Heavy Boots, description=-15% movement speed, category=MOVEMENT, phase=BAD, minEntropy=0, maxEntropy=25, counterplay=true]]
[02:02:27] [Server thread/INFO] (entropymod) /entropyforcepick -> OPENED
[02:02:27] [Render thread/INFO] (entropymod) Received OpenChoicePayload: phase=BAD entropy=1/100
[02:02:27] [Render thread/INFO] (Minecraft) [System] [CHAT] [Entropy] Pick #2 forced open.
[02:02:27] [Server thread/INFO] (Minecraft) Saving and pausing game...
[02:02:27] [Server thread/INFO] (Minecraft) Saving chunks for level 'ServerLevel[New World]'/minecraft:overworld
[02:02:27] [Server thread/INFO] (Minecraft) Saving chunks for level 'ServerLevel[New World]'/minecraft:the_nether
[02:02:27] [Server thread/INFO] (Minecraft) Saving chunks for level 'ServerLevel[New World]'/minecraft:the_end
[02:02:28] [Server thread/INFO] (entropymod) Pick #2: phase=BAD entropy=1 occupied=[TOOL, COMPANION, DEBUFF, META] choices=[EffectDefinition[id=growling_stomach, displayName=Growling Stomach, description=Hunger drains 25% faster, category=SURVIVAL, phase=BAD, minEntropy=0, maxEntropy=25, counterplay=true], EffectDefinition[id=heavy_boots, displayName=Heavy Boots, description=-15% movement speed, category=MOVEMENT, phase=BAD, minEntropy=0, maxEntropy=25, counterplay=true], EffectDefinition[id=sluggish_strikes, displayName=Sluggish Strikes, description=-20% attack speed, category=COMBAT, phase=BAD, minEntropy=0, maxEntropy=25, counterplay=true]]
[02:02:28] [Server thread/INFO] (entropymod) Second Guess spent -- pick #2 rerolled. No entropy or pick consumed.
[02:02:28] [Render thread/INFO] (entropymod) Received OpenChoicePayload: phase=BAD entropy=1/100
[02:03:23] [Server thread/INFO] (Minecraft) [Entropy] Heavy Boots -- -15% movement speed
[02:03:23] [Server thread/INFO] (entropymod) Acquired 5 effect(s): [clumsy_digger, bad_reputation, beast_whisperer, second_guess, heavy_boots]
[02:03:23] [Render thread/INFO] (Minecraft) [System] [CHAT] [Entropy] Heavy Boots -- -15% movement speed
[02:03:24] [Render thread/INFO] (Minecraft) Resizing Chunk Sections UBO, capacity limit of 1024 reached during a single frame. New capacity will be 2048.
[02:03:34] [Server thread/INFO] (entropymod) Granted 'green_thumb' via debug command -- run counters untouched. Acquired 6 effect(s): [clumsy_digger, bad_reputation, beast_whisperer, second_guess, heavy_boots, green_thumb]
[02:03:34] [Server thread/INFO] (entropymod) /entropygrant green_thumb -> GRANTED
[02:03:34] [Render thread/INFO] (Minecraft) [System] [CHAT] [Entropy] Granted Green Thumb (green_thumb) -- Crops within 8 blocks of you fully mature in about 90 seconds. Entropy and pick count unchanged.
[02:03:40] [Server thread/INFO] (Minecraft) [Player980: Changed the block at -1978, 63, 1929]
[02:03:40] [Render thread/INFO] (Minecraft) [System] [CHAT] Changed the block at -1978, 63, 1929
[02:03:45] [Server thread/INFO] (Minecraft) [Player980: Changed the block at -1979, 64, 1929]
[02:03:45] [Render thread/INFO] (Minecraft) [System] [CHAT] Changed the block at -1979, 64, 1929
[02:03:54] [Server thread/INFO] (Minecraft) [Player980: Set own game mode to Creative Mode]
[02:03:54] [Render thread/INFO] (Minecraft) [System] [CHAT] Set own game mode to Creative Mode
[02:04:02] [Server thread/INFO] (Minecraft) Player980 has made the advancement [Planting the Past]
[02:04:02] [Server thread/INFO] (Minecraft) Player980 has made the advancement [A Seedy Place]
[02:04:02] [Render thread/INFO] (Minecraft) [System] [CHAT] Player980 has made the advancement [Planting the Past]
[02:04:02] [Render thread/INFO] (Minecraft) [System] [CHAT] Player980 has made the advancement [A Seedy Place]
[02:04:02] [Render thread/INFO] (Minecraft) Loaded 44 advancements
[02:04:06] [Server thread/INFO] (Minecraft) [Player980: Set own game mode to Survival Mode]
[02:04:06] [Render thread/INFO] (Minecraft) [System] [CHAT] Set own game mode to Survival Mode
[02:04:16] [Server thread/INFO] (Minecraft) [Player980: Gave 1 [Diamond Hoe] to Player980]
[02:04:16] [Render thread/INFO] (Minecraft) [System] [CHAT] Gave 1 [Diamond Hoe] to Player980
[02:04:32] [Server thread/INFO] (Minecraft) [Player980: Gave 1 [Water Bucket] to Player980]
[02:04:32] [Render thread/INFO] (Minecraft) [System] [CHAT] Gave 1 [Water Bucket] to Player980
[02:04:32] [Render thread/INFO] (Minecraft) Loaded 45 advancements
[02:04:35] [Render thread/INFO] (Minecraft) Loaded 55 advancements
[02:04:48] [Server thread/INFO] (Minecraft) [Player980: Gave 1 [Pumpkin Seeds] to Player980]
[02:04:48] [Render thread/INFO] (Minecraft) [System] [CHAT] Gave 1 [Pumpkin Seeds] to Player980
[02:04:57] [Server thread/INFO] (Minecraft) [Player980: Gave 1 [Melon Seeds] to Player980]
[02:04:57] [Render thread/INFO] (Minecraft) [System] [CHAT] Gave 1 [Melon Seeds] to Player980
[02:05:31] [Server thread/INFO] (Minecraft) [Player980: Gave 1 [Bone] to Player980]
[02:05:31] [Render thread/INFO] (Minecraft) [System] [CHAT] Gave 1 [Bone] to Player980
[02:05:31] [Render thread/INFO] (Minecraft) Loaded 56 advancements
[02:05:33] [Server thread/INFO] (Minecraft) [Player980: Gave 1 [Bone] to Player980]
[02:05:33] [Render thread/INFO] (Minecraft) [System] [CHAT] Gave 1 [Bone] to Player980
[02:05:33] [Server thread/INFO] (Minecraft) [Player980: Gave 1 [Bone] to Player980]
[02:05:33] [Render thread/INFO] (Minecraft) [System] [CHAT] Gave 1 [Bone] to Player980
[02:05:33] [Server thread/INFO] (Minecraft) [Player980: Gave 1 [Bone] to Player980]
[02:05:33] [Render thread/INFO] (Minecraft) [System] [CHAT] Gave 1 [Bone] to Player980
[02:05:35] [Render thread/INFO] (Minecraft) Loaded 58 advancements
[02:05:57] [Server thread/INFO] (Minecraft) Saving and pausing game...
[02:05:57] [Server thread/INFO] (Minecraft) Saving chunks for level 'ServerLevel[New World]'/minecraft:overworld
[02:05:57] [Server thread/INFO] (Minecraft) Saving chunks for level 'ServerLevel[New World]'/minecraft:the_nether
[02:05:57] [Server thread/INFO] (Minecraft) Saving chunks for level 'ServerLevel[New World]'/minecraft:the_end
[02:06:36] [Server thread/INFO] (Minecraft) Stopping server
[02:06:36] [Server thread/INFO] (Minecraft) Saving players
[02:06:36] [Server thread/INFO] (Minecraft) Player980 lost connection: Disconnected
[02:06:36] [Server thread/INFO] (Minecraft) Player980 left the game
[02:06:36] [Server thread/INFO] (Minecraft) Stopping singleplayer server as player logged out
[02:06:36] [Server thread/INFO] (Minecraft) Saving worlds
[02:06:36] [Server thread/INFO] (Minecraft) Saving chunks for level 'ServerLevel[New World]'/minecraft:overworld
[02:06:37] [Server thread/INFO] (Minecraft) Saving chunks for level 'ServerLevel[New World]'/minecraft:the_nether
[02:06:37] [Server thread/INFO] (Minecraft) Saving chunks for level 'ServerLevel[New World]'/minecraft:the_end
[02:06:37] [Server thread/INFO] (Minecraft) ThreadedAnvilChunkStorage (world): All chunks are saved
[02:06:37] [Server thread/INFO] (Minecraft) ThreadedAnvilChunkStorage (DIM-1): All chunks are saved
[02:06:37] [Server thread/INFO] (Minecraft) ThreadedAnvilChunkStorage (DIM1): All chunks are saved
[02:06:37] [Server thread/INFO] (Minecraft) ThreadedAnvilChunkStorage: All dimensions are saved
[02:06:40] [Render thread/INFO] (Minecraft) Deleting level New World (1)
[02:06:40] [Render thread/INFO] (Minecraft) Attempt 1...
[02:06:41] [Render thread/INFO] (Minecraft) Deleting level New World
[02:06:41] [Render thread/INFO] (Minecraft) Attempt 1...
[02:06:43] [Render thread/INFO] (Minecraft) Deleting level New World (2)
[02:06:43] [Render thread/INFO] (Minecraft) Attempt 1...
[02:06:43] [Render thread/INFO] (Minecraft) Loaded 1515 recipes
[02:06:43] [Render thread/INFO] (Minecraft) Loaded 1617 advancements
[02:06:45] [Render thread/INFO] (Minecraft) Stopping!
